MPLINK 4.35, Linker
Linker Map File - Created Sat Sep 07 23:26:02 2013

                                 Section Info
                  Section       Type    Address   Location Size(Bytes)
                ---------  ---------  ---------  ---------  ---------
                   .org_0       code   0x000000    program   0x000002
                   .cinit    romdata   0x000001    program   0x000004
                   .org_1       code   0x000004    program   0x0001e2



                              Program Memory Usage 
                               Start         End      
                           ---------   ---------      
                            0x000000    0x000002      
                            0x000004    0x0000f4      
            244 out of 1093 program addresses used, program memory utilization is 22%



                              Symbols - Sorted by Name
                     Name    Address   Location    Storage File                     
                ---------  ---------  ---------  --------- ---------                
                      aca   0x0000d4    program     static C:\Users\Nico\Desktop\pecera\pecera.asm
                     aca1   0x0000d2    program     static C:\Users\Nico\Desktop\pecera\pecera.asm
                     aca2   0x0000d6    program     static C:\Users\Nico\Desktop\pecera\pecera.asm
                     aca4   0x0000d8    program     static C:\Users\Nico\Desktop\pecera\pecera.asm
                      bcd   0x0000e1    program     static C:\Users\Nico\Desktop\pecera\pecera.asm
                     bcd1   0x0000e2    program     static C:\Users\Nico\Desktop\pecera\pecera.asm
                    cerin   0x0000f1    program     static C:\Users\Nico\Desktop\pecera\pecera.asm
                  chequeo   0x0000c7    program     static C:\Users\Nico\Desktop\pecera\pecera.asm
                 chequeo1   0x0000cb    program     static C:\Users\Nico\Desktop\pecera\pecera.asm
                   ciclo2   0x00008b    program     static C:\Users\Nico\Desktop\pecera\pecera.asm
                 comienzo   0x00008b    program     static C:\Users\Nico\Desktop\pecera\pecera.asm
                   conmin   0x0000a0    program     static C:\Users\Nico\Desktop\pecera\pecera.asm
                  conmin1   0x0000b6    program     static C:\Users\Nico\Desktop\pecera\pecera.asm
                     decc   0x0000b4    program     static C:\Users\Nico\Desktop\pecera\pecera.asm
                    decc1   0x0000bc    program     static C:\Users\Nico\Desktop\pecera\pecera.asm
                   dechor   0x00005d    program     static C:\Users\Nico\Desktop\pecera\pecera.asm
                   decmin   0x000049    program     static C:\Users\Nico\Desktop\pecera\pecera.asm
                    delay   0x0000d0    program     static C:\Users\Nico\Desktop\pecera\pecera.asm
                     fini   0x0000ed    program     static C:\Users\Nico\Desktop\pecera\pecera.asm
                    hecho   0x000066    program     static C:\Users\Nico\Desktop\pecera\pecera.asm
                   inicio   0x00006b    program     static C:\Users\Nico\Desktop\pecera\pecera.asm
                 invierno   0x0000cd    program     static C:\Users\Nico\Desktop\pecera\pecera.asm
                  mostrar   0x0000ce    program     static C:\Users\Nico\Desktop\pecera\pecera.asm
                    negat   0x0000ea    program     static C:\Users\Nico\Desktop\pecera\pecera.asm
                   pulsa0   0x000092    program     static C:\Users\Nico\Desktop\pecera\pecera.asm
                   pulsa1   0x0000a7    program     static C:\Users\Nico\Desktop\pecera\pecera.asm
                   pulsa2   0x0000be    program     static C:\Users\Nico\Desktop\pecera\pecera.asm
                  recarga   0x00001c    program     static C:\Users\Nico\Desktop\pecera\pecera.asm
                 recarga2   0x00001a    program     static C:\Users\Nico\Desktop\pecera\pecera.asm
                  seguimo   0x000025    program     static C:\Users\Nico\Desktop\pecera\pecera.asm
                 siguemos   0x00002b    program     static C:\Users\Nico\Desktop\pecera\pecera.asm
                siguemos2   0x000031    program     static C:\Users\Nico\Desktop\pecera\pecera.asm
                siguemos3   0x000037    program     static C:\Users\Nico\Desktop\pecera\pecera.asm
                  suelta0   0x000095    program     static C:\Users\Nico\Desktop\pecera\pecera.asm
                  suelta1   0x0000aa    program     static C:\Users\Nico\Desktop\pecera\pecera.asm
                  suelta2   0x0000c1    program     static C:\Users\Nico\Desktop\pecera\pecera.asm
                   unihor   0x000053    program     static C:\Users\Nico\Desktop\pecera\pecera.asm
                   unimin   0x00003e    program     static C:\Users\Nico\Desktop\pecera\pecera.asm



                              Symbols - Sorted by Address
                     Name    Address   Location    Storage File                     
                ---------  ---------  ---------  --------- ---------                
                 recarga2   0x00001a    program     static C:\Users\Nico\Desktop\pecera\pecera.asm
                  recarga   0x00001c    program     static C:\Users\Nico\Desktop\pecera\pecera.asm
                  seguimo   0x000025    program     static C:\Users\Nico\Desktop\pecera\pecera.asm
                 siguemos   0x00002b    program     static C:\Users\Nico\Desktop\pecera\pecera.asm
                siguemos2   0x000031    program     static C:\Users\Nico\Desktop\pecera\pecera.asm
                siguemos3   0x000037    program     static C:\Users\Nico\Desktop\pecera\pecera.asm
                   unimin   0x00003e    program     static C:\Users\Nico\Desktop\pecera\pecera.asm
                   decmin   0x000049    program     static C:\Users\Nico\Desktop\pecera\pecera.asm
                   unihor   0x000053    program     static C:\Users\Nico\Desktop\pecera\pecera.asm
                   dechor   0x00005d    program     static C:\Users\Nico\Desktop\pecera\pecera.asm
                    hecho   0x000066    program     static C:\Users\Nico\Desktop\pecera\pecera.asm
                   inicio   0x00006b    program     static C:\Users\Nico\Desktop\pecera\pecera.asm
                   ciclo2   0x00008b    program     static C:\Users\Nico\Desktop\pecera\pecera.asm
                 comienzo   0x00008b    program     static C:\Users\Nico\Desktop\pecera\pecera.asm
                   pulsa0   0x000092    program     static C:\Users\Nico\Desktop\pecera\pecera.asm
                  suelta0   0x000095    program     static C:\Users\Nico\Desktop\pecera\pecera.asm
                   conmin   0x0000a0    program     static C:\Users\Nico\Desktop\pecera\pecera.asm
                   pulsa1   0x0000a7    program     static C:\Users\Nico\Desktop\pecera\pecera.asm
                  suelta1   0x0000aa    program     static C:\Users\Nico\Desktop\pecera\pecera.asm
                     decc   0x0000b4    program     static C:\Users\Nico\Desktop\pecera\pecera.asm
                  conmin1   0x0000b6    program     static C:\Users\Nico\Desktop\pecera\pecera.asm
                    decc1   0x0000bc    program     static C:\Users\Nico\Desktop\pecera\pecera.asm
                   pulsa2   0x0000be    program     static C:\Users\Nico\Desktop\pecera\pecera.asm
                  suelta2   0x0000c1    program     static C:\Users\Nico\Desktop\pecera\pecera.asm
                  chequeo   0x0000c7    program     static C:\Users\Nico\Desktop\pecera\pecera.asm
                 chequeo1   0x0000cb    program     static C:\Users\Nico\Desktop\pecera\pecera.asm
                 invierno   0x0000cd    program     static C:\Users\Nico\Desktop\pecera\pecera.asm
                  mostrar   0x0000ce    program     static C:\Users\Nico\Desktop\pecera\pecera.asm
                    delay   0x0000d0    program     static C:\Users\Nico\Desktop\pecera\pecera.asm
                     aca1   0x0000d2    program     static C:\Users\Nico\Desktop\pecera\pecera.asm
                      aca   0x0000d4    program     static C:\Users\Nico\Desktop\pecera\pecera.asm
                     aca2   0x0000d6    program     static C:\Users\Nico\Desktop\pecera\pecera.asm
                     aca4   0x0000d8    program     static C:\Users\Nico\Desktop\pecera\pecera.asm
                      bcd   0x0000e1    program     static C:\Users\Nico\Desktop\pecera\pecera.asm
                     bcd1   0x0000e2    program     static C:\Users\Nico\Desktop\pecera\pecera.asm
                    negat   0x0000ea    program     static C:\Users\Nico\Desktop\pecera\pecera.asm
                     fini   0x0000ed    program     static C:\Users\Nico\Desktop\pecera\pecera.asm
                    cerin   0x0000f1    program     static C:\Users\Nico\Desktop\pecera\pecera.asm


